// Jest Snapshot v1, https://goo.gl/fbAQLP

exports[`ProfilePage Should render correctly if full profile info is in the state 1`] = `
<div>
  <div
    class="jsx-785735b688e37766 loading-screen"
    data-testid="loading-screen"
    style="justify-content: center; align-items: center; display: flex; width: 100vw; position: fixed; height: 100vh; background: rgb(255, 255, 255);"
  >
    <div
      class="ant-spin-nested-loading css-dev-only-do-not-override-1v2lwm6"
    >
      <div>
        <div
          aria-busy="true"
          aria-live="polite"
          class="ant-spin ant-spin-spinning ant-spin-show-text css-dev-only-do-not-override-1v2lwm6"
        >
          <span
            class="ant-spin-dot ant-spin-dot-spin"
          >
            <i
              class="ant-spin-dot-item"
            />
            <i
              class="ant-spin-dot-item"
            />
            <i
              class="ant-spin-dot-item"
            />
            <i
              class="ant-spin-dot-item"
            />
          </span>
          <div
            class="ant-spin-text"
          >
            Loading...
          </div>
        </div>
      </div>
      <div
        class="ant-spin-container ant-spin-blur"
      >
        <div
          class="jsx-785735b688e37766"
          style="padding: 50px;"
        />
      </div>
    </div>
  </div>
</div>
`;
