// Jest Snapshot v1, https://goo.gl/fbAQLP

exports[`CoreJSIviewsCard Should render correctly 1`] = `
<CoreJSIviewsCard
  data={
    Array [
      Object {
        "courseFullName": "rs-2019",
        "courseName": "rs-2019",
        "interview": Object {
          "answers": Array [
            Object {
              "answer": "yes",
              "questionId": "test",
              "questionText": "test",
            },
            Object {
              "answer": "no",
              "questionId": "test",
              "questionText": "test",
            },
          ],
          "comment": "test",
          "interviewer": Object {
            "githubId": "dima",
            "name": "Dzmitry Petrov",
          },
          "score": 4,
        },
        "locationName": "minsk",
      },
    ]
  }
>
  <CoreJsIviewsModal
    isVisible={false}
    onHide={[Function]}
    stats={
      Object {
        "courseFullName": "rs-2019",
        "courseName": "rs-2019",
        "interview": Object {
          "answers": Array [
            Object {
              "answer": "yes",
              "questionId": "test",
              "questionText": "test",
            },
            Object {
              "answer": "no",
              "questionId": "test",
              "questionText": "test",
            },
          ],
          "comment": "test",
          "interviewer": Object {
            "githubId": "dima",
            "name": "Dzmitry Petrov",
          },
          "score": 4,
        },
        "locationName": "minsk",
      }
    }
  >
    <Modal
      confirmLoading={false}
      footer={null}
      okType="primary"
      onCancel={[Function]}
      title="rs-2019 CoreJS Interview Feedback"
      visible={false}
      width="80%"
    >
      <Dialog
        closeIcon={
          <span
            className="ant-modal-close-x"
          >
            <ForwardRef(CloseOutlined)
              className="ant-modal-close-icon"
            />
          </span>
        }
        confirmLoading={false}
        focusTriggerAfterClose={true}
        footer={null}
        maskTransitionName="ant-fade"
        okType="primary"
        onCancel={[Function]}
        onClose={[Function]}
        prefixCls="ant-modal"
        title="rs-2019 CoreJS Interview Feedback"
        transitionName="ant-zoom"
        visible={false}
        width="80%"
        wrapClassName=""
      >
        <PortalWrapper
          visible={false}
        />
      </Dialog>
    </Modal>
  </CoreJsIviewsModal>
  <CommonCard
    content={
      <List
        dataSource={
          Array [
            Object {
              "courseFullName": "rs-2019",
              "courseName": "rs-2019",
              "interview": Object {
                "answers": Array [
                  Object {
                    "answer": "yes",
                    "questionId": "test",
                    "questionText": "test",
                  },
                  Object {
                    "answer": "no",
                    "questionId": "test",
                    "questionText": "test",
                  },
                ],
                "comment": "test",
                "interviewer": Object {
                  "githubId": "dima",
                  "name": "Dzmitry Petrov",
                },
                "score": 4,
              },
              "locationName": "minsk",
            },
          ]
        }
        itemLayout="horizontal"
        renderItem={[Function]}
      />
    }
    icon={<ForwardRef(QuestionCircleOutlined) />}
    title="CoreJS Interviews"
  >
    <Card
      title={
        <Title
          ellipsis={true}
          level={2}
          style={
            Object {
              "fontSize": 16,
              "marginBottom": 0,
            }
          }
        >
          <ForwardRef(QuestionCircleOutlined) />
           
          CoreJS Interviews
        </Title>
      }
    >
      <div
        className="ant-card ant-card-bordered"
      >
        <div
          className="ant-card-head"
          style={Object {}}
        >
          <div
            className="ant-card-head-wrapper"
          >
            <div
              className="ant-card-head-title"
            >
              <Title
                ellipsis={true}
                level={2}
                style={
                  Object {
                    "fontSize": 16,
                    "marginBottom": 0,
                  }
                }
              >
                <ForwardRef
                  component="h2"
                  ellipsis={true}
                  style={
                    Object {
                      "fontSize": 16,
                      "marginBottom": 0,
                    }
                  }
                >
                  <ResizeObserver
                    disabled={true}
                    onResize={[Function]}
                  >
                    <SingleObserver
                      disabled={true}
                      key="rc-observer-key-0"
                      onResize={[Function]}
                    >
                      <DomWrapper>
                        <EllipsisTooltip
                          enabledEllipsis={true}
                          isEllipsis={false}
                        >
                          <Typography
                            className="ant-typography-ellipsis ant-typography-single-line ant-typography-ellipsis-single-line"
                            component="h2"
                            onClick={null}
                            style={
                              Object {
                                "WebkitLineClamp": undefined,
                                "fontSize": 16,
                                "marginBottom": 0,
                              }
                            }
                          >
                            <h2
                              className="ant-typography ant-typography-ellipsis ant-typography-single-line ant-typography-ellipsis-single-line"
                              onClick={null}
                              style={
                                Object {
                                  "WebkitLineClamp": undefined,
                                  "fontSize": 16,
                                  "marginBottom": 0,
                                }
                              }
                            >
                              <Ellipsis
                                enabledMeasure={false}
                                onEllipsis={[Function]}
                                rows={1}
                                text={
                                  Array [
                                    <ForwardRef(QuestionCircleOutlined) />,
                                    " ",
                                    "CoreJS Interviews",
                                  ]
                                }
                                width={0}
                              >
                                <ForwardRef(QuestionCircleOutlined)>
                                  <AntdIcon
                                    icon={
                                      Object {
                                        "icon": Object {
                                          "attrs": Object {
                                            "focusable": "false",
                                            "viewBox": "64 64 896 896",
                                          },
                                          "children": Array [
                                            Object {
                                              "attrs": Object {
                                                "d": "M512 64C264.6 64 64 264.6 64 512s200.6 448 448 448 448-200.6 448-448S759.4 64 512 64zm0 820c-205.4 0-372-166.6-372-372s166.6-372 372-372 372 166.6 372 372-166.6 372-372 372z",
                                              },
                                              "tag": "path",
                                            },
                                            Object {
                                              "attrs": Object {
                                                "d": "M623.6 316.7C593.6 290.4 554 276 512 276s-81.6 14.5-111.6 40.7C369.2 344 352 380.7 352 420v7.6c0 4.4 3.6 8 8 8h48c4.4 0 8-3.6 8-8V420c0-44.1 43.1-80 96-80s96 35.9 96 80c0 31.1-22 59.6-56.1 72.7-21.2 8.1-39.2 22.3-52.1 40.9-13.1 19-19.9 41.8-19.9 64.9V620c0 4.4 3.6 8 8 8h48c4.4 0 8-3.6 8-8v-22.7a48.3 48.3 0 0130.9-44.8c59-22.7 97.1-74.7 97.1-132.5.1-39.3-17.1-76-48.3-103.3zM472 732a40 40 0 1080 0 40 40 0 10-80 0z",
                                              },
                                              "tag": "path",
                                            },
                                          ],
                                          "tag": "svg",
                                        },
                                        "name": "question-circle",
                                        "theme": "outlined",
                                      }
                                    }
                                  >
                                    <span
                                      aria-label="question-circle"
                                      className="anticon anticon-question-circle"
                                      role="img"
                                    >
                                      <IconReact
                                        icon={
                                          Object {
                                            "icon": Object {
                                              "attrs": Object {
                                                "focusable": "false",
                                                "viewBox": "64 64 896 896",
                                              },
                                              "children": Array [
                                                Object {
                                                  "attrs": Object {
                                                    "d": "M512 64C264.6 64 64 264.6 64 512s200.6 448 448 448 448-200.6 448-448S759.4 64 512 64zm0 820c-205.4 0-372-166.6-372-372s166.6-372 372-372 372 166.6 372 372-166.6 372-372 372z",
                                                  },
                                                  "tag": "path",
                                                },
                                                Object {
                                                  "attrs": Object {
                                                    "d": "M623.6 316.7C593.6 290.4 554 276 512 276s-81.6 14.5-111.6 40.7C369.2 344 352 380.7 352 420v7.6c0 4.4 3.6 8 8 8h48c4.4 0 8-3.6 8-8V420c0-44.1 43.1-80 96-80s96 35.9 96 80c0 31.1-22 59.6-56.1 72.7-21.2 8.1-39.2 22.3-52.1 40.9-13.1 19-19.9 41.8-19.9 64.9V620c0 4.4 3.6 8 8 8h48c4.4 0 8-3.6 8-8v-22.7a48.3 48.3 0 0130.9-44.8c59-22.7 97.1-74.7 97.1-132.5.1-39.3-17.1-76-48.3-103.3zM472 732a40 40 0 1080 0 40 40 0 10-80 0z",
                                                  },
                                                  "tag": "path",
                                                },
                                              ],
                                              "tag": "svg",
                                            },
                                            "name": "question-circle",
                                            "theme": "outlined",
                                          }
                                        }
                                      >
                                        <svg
                                          aria-hidden="true"
                                          data-icon="question-circle"
                                          fill="currentColor"
                                          focusable="false"
                                          height="1em"
                                          key="svg-question-circle"
                                          viewBox="64 64 896 896"
                                          width="1em"
                                        >
                                          <path
                                            d="M512 64C264.6 64 64 264.6 64 512s200.6 448 448 448 448-200.6 448-448S759.4 64 512 64zm0 820c-205.4 0-372-166.6-372-372s166.6-372 372-372 372 166.6 372 372-166.6 372-372 372z"
                                            key="svg-question-circle-svg-0"
                                          />
                                          <path
                                            d="M623.6 316.7C593.6 290.4 554 276 512 276s-81.6 14.5-111.6 40.7C369.2 344 352 380.7 352 420v7.6c0 4.4 3.6 8 8 8h48c4.4 0 8-3.6 8-8V420c0-44.1 43.1-80 96-80s96 35.9 96 80c0 31.1-22 59.6-56.1 72.7-21.2 8.1-39.2 22.3-52.1 40.9-13.1 19-19.9 41.8-19.9 64.9V620c0 4.4 3.6 8 8 8h48c4.4 0 8-3.6 8-8v-22.7a48.3 48.3 0 0130.9-44.8c59-22.7 97.1-74.7 97.1-132.5.1-39.3-17.1-76-48.3-103.3zM472 732a40 40 0 1080 0 40 40 0 10-80 0z"
                                            key="svg-question-circle-svg-1"
                                          />
                                        </svg>
                                      </IconReact>
                                    </span>
                                  </AntdIcon>
                                </ForwardRef(QuestionCircleOutlined)>
                                 
                                CoreJS Interviews
                              </Ellipsis>
                            </h2>
                          </Typography>
                        </EllipsisTooltip>
                      </DomWrapper>
                    </SingleObserver>
                  </ResizeObserver>
                </ForwardRef>
              </Title>
            </div>
          </div>
        </div>
        <div
          className="ant-card-body"
          style={Object {}}
        >
          <List
            dataSource={
              Array [
                Object {
                  "courseFullName": "rs-2019",
                  "courseName": "rs-2019",
                  "interview": Object {
                    "answers": Array [
                      Object {
                        "answer": "yes",
                        "questionId": "test",
                        "questionText": "test",
                      },
                      Object {
                        "answer": "no",
                        "questionId": "test",
                        "questionText": "test",
                      },
                    ],
                    "comment": "test",
                    "interviewer": Object {
                      "githubId": "dima",
                      "name": "Dzmitry Petrov",
                    },
                    "score": 4,
                  },
                  "locationName": "minsk",
                },
              ]
            }
            itemLayout="horizontal"
            renderItem={[Function]}
          >
            <div
              className="ant-list ant-list-split"
            >
              <Spin
                size="default"
                spinning={false}
                wrapperClassName=""
              >
                <div
                  className="ant-spin-nested-loading"
                >
                  <div
                    className="ant-spin-container"
                    key="container"
                  >
                    <ul
                      className="ant-list-items"
                    >
                      <Item
                        style={
                          Object {
                            "display": "flex",
                            "justifyContent": "space-between",
                          }
                        }
                      >
                        <li
                          className="ant-list-item"
                          style={
                            Object {
                              "display": "flex",
                              "justifyContent": "space-between",
                            }
                          }
                        >
                          <div
                            style={
                              Object {
                                "flexGrow": 2,
                              }
                            }
                          >
                            <p
                              style={
                                Object {
                                  "marginBottom": 5,
                                }
                              }
                            >
                              <Text
                                strong={true}
                              >
                                <ForwardRef
                                  component="span"
                                  strong={true}
                                >
                                  <ResizeObserver
                                    disabled={true}
                                    onResize={[Function]}
                                  >
                                    <SingleObserver
                                      disabled={true}
                                      key="rc-observer-key-0"
                                      onResize={[Function]}
                                    >
                                      <DomWrapper>
                                        <EllipsisTooltip
                                          enabledEllipsis={false}
                                          isEllipsis={false}
                                        >
                                          <Typography
                                            className=""
                                            component="span"
                                            onClick={null}
                                            style={
                                              Object {
                                                "WebkitLineClamp": undefined,
                                              }
                                            }
                                          >
                                            <span
                                              className="ant-typography"
                                              onClick={null}
                                              style={
                                                Object {
                                                  "WebkitLineClamp": undefined,
                                                }
                                              }
                                            >
                                              <Ellipsis
                                                enabledMeasure={false}
                                                onEllipsis={[Function]}
                                                rows={1}
                                                text={
                                                  Array [
                                                    "rs-2019",
                                                    " / minsk",
                                                  ]
                                                }
                                                width={0}
                                              >
                                                <strong>
                                                  rs-2019
                                                   / minsk
                                                </strong>
                                              </Ellipsis>
                                            </span>
                                          </Typography>
                                        </EllipsisTooltip>
                                      </DomWrapper>
                                    </SingleObserver>
                                  </ResizeObserver>
                                </ForwardRef>
                              </Text>
                            </p>
                            <p
                              style={
                                Object {
                                  "fontSize": 12,
                                  "marginBottom": 5,
                                }
                              }
                            >
                              Score: 
                              <Text
                                mark={true}
                              >
                                <ForwardRef
                                  component="span"
                                  mark={true}
                                >
                                  <ResizeObserver
                                    disabled={true}
                                    onResize={[Function]}
                                  >
                                    <SingleObserver
                                      disabled={true}
                                      key="rc-observer-key-0"
                                      onResize={[Function]}
                                    >
                                      <DomWrapper>
                                        <EllipsisTooltip
                                          enabledEllipsis={false}
                                          isEllipsis={false}
                                        >
                                          <Typography
                                            className=""
                                            component="span"
                                            onClick={null}
                                            style={
                                              Object {
                                                "WebkitLineClamp": undefined,
                                              }
                                            }
                                          >
                                            <span
                                              className="ant-typography"
                                              onClick={null}
                                              style={
                                                Object {
                                                  "WebkitLineClamp": undefined,
                                                }
                                              }
                                            >
                                              <Ellipsis
                                                enabledMeasure={false}
                                                onEllipsis={[Function]}
                                                rows={1}
                                                text={4}
                                                width={0}
                                              >
                                                <mark>
                                                  4
                                                </mark>
                                              </Ellipsis>
                                            </span>
                                          </Typography>
                                        </EllipsisTooltip>
                                      </DomWrapper>
                                    </SingleObserver>
                                  </ResizeObserver>
                                </ForwardRef>
                              </Text>
                            </p>
                            <p
                              style={
                                Object {
                                  "fontSize": 12,
                                  "marginBottom": 5,
                                }
                              }
                            >
                              Interviewer: 
                              <a
                                href="/profile?githubId=dima"
                              >
                                Dzmitry Petrov
                              </a>
                            </p>
                          </div>
                          <Button
                            onClick={[Function]}
                            type="dashed"
                          >
                            <Wave
                              disabled={false}
                            >
                              <button
                                className="ant-btn ant-btn-dashed"
                                onClick={[Function]}
                                type="button"
                              >
                                <LoadingIcon
                                  existIcon={false}
                                  loading={false}
                                  prefixCls="ant-btn"
                                >
                                  <CSSMotion
                                    motionName="ant-btn-loading-icon-motion"
                                    onAppearActive={[Function]}
                                    onAppearStart={[Function]}
                                    onEnterActive={[Function]}
                                    onEnterStart={[Function]}
                                    onLeaveActive={[Function]}
                                    onLeaveStart={[Function]}
                                    removeOnLeave={true}
                                    visible={false}
                                  >
                                    <DomWrapper />
                                  </CSSMotion>
                                </LoadingIcon>
                                <ForwardRef(FullscreenOutlined)
                                  key=".0"
                                >
                                  <AntdIcon
                                    icon={
                                      Object {
                                        "icon": Object {
                                          "attrs": Object {
                                            "focusable": "false",
                                            "viewBox": "64 64 896 896",
                                          },
                                          "children": Array [
                                            Object {
                                              "attrs": Object {
                                                "d": "M290 236.4l43.9-43.9a8.01 8.01 0 00-4.7-13.6L169 160c-5.1-.6-9.5 3.7-8.9 8.9L179 329.1c.8 6.6 8.9 9.4 13.6 4.7l43.7-43.7L370 423.7c3.1 3.1 8.2 3.1 11.3 0l42.4-42.3c3.1-3.1 3.1-8.2 0-11.3L290 236.4zm352.7 187.3c3.1 3.1 8.2 3.1 11.3 0l133.7-133.6 43.7 43.7a8.01 8.01 0 0013.6-4.7L863.9 169c.6-5.1-3.7-9.5-8.9-8.9L694.8 179c-6.6.8-9.4 8.9-4.7 13.6l43.9 43.9L600.3 370a8.03 8.03 0 000 11.3l42.4 42.4zM845 694.9c-.8-6.6-8.9-9.4-13.6-4.7l-43.7 43.7L654 600.3a8.03 8.03 0 00-11.3 0l-42.4 42.3a8.03 8.03 0 000 11.3L734 787.6l-43.9 43.9a8.01 8.01 0 004.7 13.6L855 864c5.1.6 9.5-3.7 8.9-8.9L845 694.9zm-463.7-94.6a8.03 8.03 0 00-11.3 0L236.3 733.9l-43.7-43.7a8.01 8.01 0 00-13.6 4.7L160.1 855c-.6 5.1 3.7 9.5 8.9 8.9L329.2 845c6.6-.8 9.4-8.9 4.7-13.6L290 787.6 423.7 654c3.1-3.1 3.1-8.2 0-11.3l-42.4-42.4z",
                                              },
                                              "tag": "path",
                                            },
                                          ],
                                          "tag": "svg",
                                        },
                                        "name": "fullscreen",
                                        "theme": "outlined",
                                      }
                                    }
                                  >
                                    <span
                                      aria-label="fullscreen"
                                      className="anticon anticon-fullscreen"
                                      role="img"
                                    >
                                      <IconReact
                                        icon={
                                          Object {
                                            "icon": Object {
                                              "attrs": Object {
                                                "focusable": "false",
                                                "viewBox": "64 64 896 896",
                                              },
                                              "children": Array [
                                                Object {
                                                  "attrs": Object {
                                                    "d": "M290 236.4l43.9-43.9a8.01 8.01 0 00-4.7-13.6L169 160c-5.1-.6-9.5 3.7-8.9 8.9L179 329.1c.8 6.6 8.9 9.4 13.6 4.7l43.7-43.7L370 423.7c3.1 3.1 8.2 3.1 11.3 0l42.4-42.3c3.1-3.1 3.1-8.2 0-11.3L290 236.4zm352.7 187.3c3.1 3.1 8.2 3.1 11.3 0l133.7-133.6 43.7 43.7a8.01 8.01 0 0013.6-4.7L863.9 169c.6-5.1-3.7-9.5-8.9-8.9L694.8 179c-6.6.8-9.4 8.9-4.7 13.6l43.9 43.9L600.3 370a8.03 8.03 0 000 11.3l42.4 42.4zM845 694.9c-.8-6.6-8.9-9.4-13.6-4.7l-43.7 43.7L654 600.3a8.03 8.03 0 00-11.3 0l-42.4 42.3a8.03 8.03 0 000 11.3L734 787.6l-43.9 43.9a8.01 8.01 0 004.7 13.6L855 864c5.1.6 9.5-3.7 8.9-8.9L845 694.9zm-463.7-94.6a8.03 8.03 0 00-11.3 0L236.3 733.9l-43.7-43.7a8.01 8.01 0 00-13.6 4.7L160.1 855c-.6 5.1 3.7 9.5 8.9 8.9L329.2 845c6.6-.8 9.4-8.9 4.7-13.6L290 787.6 423.7 654c3.1-3.1 3.1-8.2 0-11.3l-42.4-42.4z",
                                                  },
                                                  "tag": "path",
                                                },
                                              ],
                                              "tag": "svg",
                                            },
                                            "name": "fullscreen",
                                            "theme": "outlined",
                                          }
                                        }
                                      >
                                        <svg
                                          aria-hidden="true"
                                          data-icon="fullscreen"
                                          fill="currentColor"
                                          focusable="false"
                                          height="1em"
                                          key="svg-fullscreen"
                                          viewBox="64 64 896 896"
                                          width="1em"
                                        >
                                          <path
                                            d="M290 236.4l43.9-43.9a8.01 8.01 0 00-4.7-13.6L169 160c-5.1-.6-9.5 3.7-8.9 8.9L179 329.1c.8 6.6 8.9 9.4 13.6 4.7l43.7-43.7L370 423.7c3.1 3.1 8.2 3.1 11.3 0l42.4-42.3c3.1-3.1 3.1-8.2 0-11.3L290 236.4zm352.7 187.3c3.1 3.1 8.2 3.1 11.3 0l133.7-133.6 43.7 43.7a8.01 8.01 0 0013.6-4.7L863.9 169c.6-5.1-3.7-9.5-8.9-8.9L694.8 179c-6.6.8-9.4 8.9-4.7 13.6l43.9 43.9L600.3 370a8.03 8.03 0 000 11.3l42.4 42.4zM845 694.9c-.8-6.6-8.9-9.4-13.6-4.7l-43.7 43.7L654 600.3a8.03 8.03 0 00-11.3 0l-42.4 42.3a8.03 8.03 0 000 11.3L734 787.6l-43.9 43.9a8.01 8.01 0 004.7 13.6L855 864c5.1.6 9.5-3.7 8.9-8.9L845 694.9zm-463.7-94.6a8.03 8.03 0 00-11.3 0L236.3 733.9l-43.7-43.7a8.01 8.01 0 00-13.6 4.7L160.1 855c-.6 5.1 3.7 9.5 8.9 8.9L329.2 845c6.6-.8 9.4-8.9 4.7-13.6L290 787.6 423.7 654c3.1-3.1 3.1-8.2 0-11.3l-42.4-42.4z"
                                            key="svg-fullscreen-svg-0"
                                          />
                                        </svg>
                                      </IconReact>
                                    </span>
                                  </AntdIcon>
                                </ForwardRef(FullscreenOutlined)>
                              </button>
                            </Wave>
                          </Button>
                        </li>
                      </Item>
                    </ul>
                  </div>
                </div>
              </Spin>
            </div>
          </List>
        </div>
      </div>
    </Card>
  </CommonCard>
</CoreJSIviewsCard>
`;
