// Jest Snapshot v1, https://goo.gl/fbAQLP

exports[`CoreJsIviewsModal Should render correctly 1`] = `
<Modal
  confirmLoading={false}
  footer={null}
  okType="primary"
  onCancel={[MockFunction]}
  title="TEST COURSE CoreJS Interview Feedback"
  visible={true}
  width="80%"
>
  <p
    style={
      Object {
        "marginBottom": 5,
      }
    }
  >
    Score: 
    <Text
      mark={true}
    >
      9
    </Text>
  </p>
  <p
    style={
      Object {
        "marginBottom": 20,
      }
    }
  >
    Interviewer: 
    <a
      href="/profile?githubId=testId"
    >
      test name
    </a>
  </p>
  <p
    style={
      Object {
        "marginBottom": 20,
      }
    }
  >
    <Text
      strong={true}
    >
      Comment: 
    </Text>
    Very good understanding of core features. Minus one point for being not confident in some tasks(variable scope, closure), also for not solving coding task completely
  </p>
  <ForwardRef(InternalTable)
    columns={
      Array [
        Object {
          "dataIndex": "questionText",
          "ellipsis": true,
        },
        Object {
          "dataIndex": "answer",
          "render": [Function],
        },
      ]
    }
    dataSource={
      Array [
        Object {
          "questionId": "1001",
          "questionText": "What is JSX?",
        },
        Object {
          "answer": true,
          "questionId": "1002",
          "questionText": "Is it possible to use React without JSX?",
        },
        Object {
          "answer": true,
          "questionId": "1011",
          "questionText": "What is the virtual DOM? How does react use the virtual DOM to render the UI?",
        },
        Object {
          "questionId": "1012",
          "questionText": "Is the virtual DOM the same as the shadow DOM?",
        },
        Object {
          "questionId": "1082",
          "questionText": "What are the limitations of React?",
        },
        Object {
          "questionId": "1083",
          "questionText": "What is a higher order component?",
        },
      ]
    }
    pagination={false}
    rowKey="questionId"
    size="small"
  />
</Modal>
`;
