// Jest Snapshot v1, https://goo.gl/fbAQLP

exports[`ProfileSettingsDrawer Should render correctly 1`] = `
<Fragment>
  <DrawerWrapper
    closable={true}
    getContainer={false}
    onClose={[MockFunction]}
    placement="top"
    style={
      Object {
        "display": "block",
        "position": "absolute",
      }
    }
    title="Profile settings"
    visible={true}
  >
    <div>
      content
    </div>
    <style
      jsx={true}
    >
      
              :global(.ant-drawer-content-wrapper) {
                height: inherit !important;
              }

              :global(.ant-drawer-wrapper-body) {
                overflow: hidden;
              }

              :global(.ant-drawer-body) {
                height: calc(100% - 55px);
                overflow: auto;
              }
            
    </style>
  </DrawerWrapper>
</Fragment>
`;
