// Jest Snapshot v1, https://goo.gl/fbAQLP

exports[`PublicFeedbackModal Should render correctly 1`] = `
<Modal
  confirmLoading={false}
  footer={null}
  okType="primary"
  onCancel={[MockFunction]}
  title="Public Feedback"
  visible={true}
  width="80%"
>
  <Row
    gutter={
      Array [
        16,
        16,
      ]
    }
  >
    <Col
      key="modal-comment-0"
      lg={
        Object {
          "span": 6,
        }
      }
      md={
        Object {
          "span": 8,
        }
      }
      sm={
        Object {
          "span": 12,
        }
      }
      xs={
        Object {
          "span": 24,
        }
      }
    >
      <Comment
        author={
          <a
            href="/profile?githubId=apetr"
          >
            Anton Petrov
          </a>
        }
        avatar={
          <GithubAvatar
            githubId="apetr"
            size={48}
          />
        }
        content={
          <React.Fragment>
            <Text
              strong={true}
              style={
                Object {
                  "fontSize": 12,
                }
              }
            >
              Congratulations
            </Text>
            <p
              style={
                Object {
                  "marginBottom": 5,
                }
              }
            >
              Test
            </p>
          </React.Fragment>
        }
        datetime={
          <Tooltip
            arrowPointAtCenter={false}
            autoAdjustOverflow={true}
            mouseEnterDelay={0.1}
            mouseLeaveDelay={0.1}
            placement="top"
            title="2018-12-01 12:12:01"
          >
            <span>
              3 years ago
            </span>
          </Tooltip>
        }
      />
    </Col>
    <Col
      key="modal-comment-1"
      lg={
        Object {
          "span": 6,
        }
      }
      md={
        Object {
          "span": 8,
        }
      }
      sm={
        Object {
          "span": 12,
        }
      }
      xs={
        Object {
          "span": 24,
        }
      }
    >
      <Comment
        author={
          <a
            href="/profile?githubId=temap"
          >
            Artem Petrov
          </a>
        }
        avatar={
          <GithubAvatar
            githubId="temap"
            size={48}
          />
        }
        content={
          <React.Fragment>
            <Text
              strong={true}
              style={
                Object {
                  "fontSize": 12,
                }
              }
            >
              Great speaker
            </Text>
            <p
              style={
                Object {
                  "marginBottom": 5,
                }
              }
            >
              Test
            </p>
          </React.Fragment>
        }
        datetime={
          <Tooltip
            arrowPointAtCenter={false}
            autoAdjustOverflow={true}
            mouseEnterDelay={0.1}
            mouseLeaveDelay={0.1}
            placement="top"
            title="2018-11-01 11:12:01"
          >
            <span>
              3 years ago
            </span>
          </Tooltip>
        }
      />
    </Col>
    <Col
      key="modal-comment-2"
      lg={
        Object {
          "span": 6,
        }
      }
      md={
        Object {
          "span": 8,
        }
      }
      sm={
        Object {
          "span": 12,
        }
      }
      xs={
        Object {
          "span": 24,
        }
      }
    >
      <Comment
        author={
          <a
            href="/profile?githubId=temap"
          >
            Artem Petrov
          </a>
        }
        avatar={
          <GithubAvatar
            githubId="temap"
            size={48}
          />
        }
        content={
          <React.Fragment>
            <Text
              strong={true}
              style={
                Object {
                  "fontSize": 12,
                }
              }
            >
              Great speaker
            </Text>
            <p
              style={
                Object {
                  "marginBottom": 5,
                }
              }
            >
              Test
            </p>
          </React.Fragment>
        }
        datetime={
          <Tooltip
            arrowPointAtCenter={false}
            autoAdjustOverflow={true}
            mouseEnterDelay={0.1}
            mouseLeaveDelay={0.1}
            placement="top"
            title="2018-09-01 11:12:01"
          >
            <span>
              3 years ago
            </span>
          </Tooltip>
        }
      />
    </Col>
    <Col
      key="modal-comment-3"
      lg={
        Object {
          "span": 6,
        }
      }
      md={
        Object {
          "span": 8,
        }
      }
      sm={
        Object {
          "span": 12,
        }
      }
      xs={
        Object {
          "span": 24,
        }
      }
    >
      <Comment
        author={
          <a
            href="/profile?githubId=temap"
          >
            Artem Petrov
          </a>
        }
        avatar={
          <GithubAvatar
            githubId="temap"
            size={48}
          />
        }
        content={
          <React.Fragment>
            <Text
              strong={true}
              style={
                Object {
                  "fontSize": 12,
                }
              }
            >
              Great speaker
            </Text>
            <p
              style={
                Object {
                  "marginBottom": 5,
                }
              }
            >
              Test
            </p>
          </React.Fragment>
        }
        datetime={
          <Tooltip
            arrowPointAtCenter={false}
            autoAdjustOverflow={true}
            mouseEnterDelay={0.1}
            mouseLeaveDelay={0.1}
            placement="top"
            title="2018-10-01 11:12:01"
          >
            <span>
              3 years ago
            </span>
          </Tooltip>
        }
      />
    </Col>
    <Col
      key="modal-comment-4"
      lg={
        Object {
          "span": 6,
        }
      }
      md={
        Object {
          "span": 8,
        }
      }
      sm={
        Object {
          "span": 12,
        }
      }
      xs={
        Object {
          "span": 24,
        }
      }
    >
      <Comment
        author={
          <a
            href="/profile?githubId=vasssa"
          >
            Anton Vasilyev
          </a>
        }
        avatar={
          <GithubAvatar
            githubId="vasssa"
            size={48}
          />
        }
        content={
          <React.Fragment>
            <Text
              strong={true}
              style={
                Object {
                  "fontSize": 12,
                }
              }
            >
              Thank you
            </Text>
            <p
              style={
                Object {
                  "marginBottom": 5,
                }
              }
            >
              Test
            </p>
          </React.Fragment>
        }
        datetime={
          <Tooltip
            arrowPointAtCenter={false}
            autoAdjustOverflow={true}
            mouseEnterDelay={0.1}
            mouseLeaveDelay={0.1}
            placement="top"
            title="2018-11-01 12:12:01"
          >
            <span>
              3 years ago
            </span>
          </Tooltip>
        }
      />
    </Col>
    <Col
      key="modal-comment-5"
      lg={
        Object {
          "span": 6,
        }
      }
      md={
        Object {
          "span": 8,
        }
      }
      sm={
        Object {
          "span": 12,
        }
      }
      xs={
        Object {
          "span": 24,
        }
      }
    >
      <Comment
        author={
          <a
            href="/profile?githubId=demaa"
          >
            Dima Alexandrov
          </a>
        }
        avatar={
          <GithubAvatar
            githubId="demaa"
            size={48}
          />
        }
        content={
          <React.Fragment>
            <Text
              strong={true}
              style={
                Object {
                  "fontSize": 12,
                }
              }
            >
              Thank you
            </Text>
            <p
              style={
                Object {
                  "marginBottom": 5,
                }
              }
            >
              Test
            </p>
          </React.Fragment>
        }
        datetime={
          <Tooltip
            arrowPointAtCenter={false}
            autoAdjustOverflow={true}
            mouseEnterDelay={0.1}
            mouseLeaveDelay={0.1}
            placement="top"
            title="2019-12-01 12:12:01"
          >
            <span>
              2 years ago
            </span>
          </Tooltip>
        }
      />
    </Col>
  </Row>
</Modal>
`;
