// Jest Snapshot v1, https://goo.gl/fbAQLP

exports[`User Feed route returns 404 if no user 1`] = `
Object {
  "data": undefined,
}
`;

exports[`User Feed route returns data 1`] = `
Object {
  "data": Array [
    Object {
      "_id": "5b19146f65bbc725d2069082",
      "actionType": "ENROLL",
      "courseId": "course-id",
      "dateTime": 0,
      "entityType": "User",
      "priority": 10,
      "userId": "apalchys",
    },
  ],
}
`;
