// Jest Snapshot v1, https://goo.gl/fbAQLP

exports[`User Profile route allows to patch user profile 1`] = `
Object {
  "data": Object {
    "city": "",
    "emails": Array [],
    "firstName": "Foo",
    "firstNameNative": "",
    "githubId": "",
    "lastName": "Bar",
    "lastNameNative": "",
    "phone": "",
  },
}
`;

exports[`User Profile route returns data 1`] = `
Object {
  "data": Object {
    "city": "",
    "emails": Array [],
    "firstName": "first name",
    "firstNameNative": "",
    "githubId": "",
    "lastName": "",
    "lastNameNative": "",
    "notifications": Object {
      "fromTime": "",
      "readyToReceive": "no",
      "telegramUserName": "",
      "toTime": "",
      "typeDeadline": false,
      "typeScore": false,
      "typeSessionLecturer": false,
      "typeSessionStudent": false,
      "typeStatusMentor": false,
      "typeStatusStudent": false,
    },
    "phone": "",
    "primaryEducation": Object {
      "faculty": "",
      "graduationYear": "",
      "university": "",
    },
  },
}
`;
